xcva_top xcva_top 1 10 /home/tang_dx/Work/UXE-Use-Experience/counter/xc_work/v/xcva_top.v 0 0 0
ASSERTION ASSERTION 10 16 /home/tang_dx/Work/UXE-Use-Experience/counter/xc_work/v/xcva_top.v 0 0 0
xc_top xc_top 5 257 /tools/cadence/UXE171_p98/tools.lnx86/etc/ixcom/xcva_prims_pdsa.v 0 0 0
Q_RBUFZP Q_RBUFZP 888 903 /tools/cadence/UXE171_p98/tools.lnx86/etc/ixcom/xcva_prims_pdsa.v 0 0 0
Q_BUFZP Q_BUFZP 2347 2352 /home/tang_dx/Work/UXE-Use-Experience/counter/xc_work/xc_vawork/xc_vawork/.libvlog/qtref.v 0 0 0
Q_RBUFZN Q_RBUFZN 878 888 /tools/cadence/UXE171_p98/tools.lnx86/etc/ixcom/xcva_prims_pdsa.v 0 0 0
Q_BUFZN Q_BUFZN 2332 2337 /home/tang_dx/Work/UXE-Use-Experience/counter/xc_work/xc_vawork/xc_vawork/.libvlog/qtref.v 0 0 0
X_STR0WE0 X_STR0WE0 1289 1294 /home/tang_dx/Work/UXE-Use-Experience/counter/xc_work/xc_vawork/xc_vawork/.libvlog/qtref.v 0 0 0
X_STR0WE1 X_STR0WE1 1294 1299 /home/tang_dx/Work/UXE-Use-Experience/counter/xc_work/xc_vawork/xc_vawork/.libvlog/qtref.v 0 0 0
_ixc_isc _ixc_isc 5 8 /home/tang_dx/Work/UXE-Use-Experience/counter/xc_work/v/13.sv 0 0 0
ixc_time ixc_time 2378 2378 xc_work/xc_vawork/xc_vawork/.incr/ixc_time.sh 0 0 0
IXC_GFIFO IXC_GFIFO 2378 2378 xc_work/xc_vawork/xc_vawork/.incr/IXC_GFIFO.sh 0 0 0
counter_tb counter_tb 16 20 /home/tang_dx/Work/UXE-Use-Experience/counter/xc_work/v/xcva_top.v 0 0 0
counter counter 5 22 /home/tang_dx/Work/UXE-Use-Experience/counter/xc_work/v/1.sv 0 0 0
ixc_assign ixc_assign 813 827 /tools/cadence/UXE171_p98/tools.lnx86/etc/ixcom/xcva_prims_pdsa.v 0 0 0
ixc_seqClk ixc_seqClk 2137 2185 /tools/cadence/UXE171_p98/tools.lnx86/etc/ixcom/xcva_prims_ice.v 0 0 0
ixc_mevClk ixc_mevClk 2071 2137 /tools/cadence/UXE171_p98/tools.lnx86/etc/ixcom/xcva_prims_ice.v 0 0 0
ixc_mevent ixc_mevent 2032 2071 /tools/cadence/UXE171_p98/tools.lnx86/etc/ixcom/xcva_prims_ice.v 0 0 0
ixc_context_write ixc_context_write 1971 2032 /tools/cadence/UXE171_p98/tools.lnx86/etc/ixcom/xcva_prims_ice.v 0 0 0
ixc_rforce ixc_rforce 597 640 /tools/cadence/UXE171_p98/tools.lnx86/etc/ixcom/xcva_prims_pdsa.v 0 0 0
Q_REGFORCE Q_REGFORCE 1492 1496 /home/tang_dx/Work/UXE-Use-Experience/counter/xc_work/xc_vawork/xc_vawork/.libvlog/qtref.v 0 0 0
ixc_context_read ixc_context_read 1946 1971 /tools/cadence/UXE171_p98/tools.lnx86/etc/ixcom/xcva_prims_ice.v 0 0 0
ixc_call_clk ixc_call_clk 1881 1946 /tools/cadence/UXE171_p98/tools.lnx86/etc/ixcom/xcva_prims_ice.v 0 0 0
ixc_not_touch ixc_not_touch 1867 1881 /tools/cadence/UXE171_p98/tools.lnx86/etc/ixcom/xcva_prims_ice.v 0 0 0
ixc_capR ixc_capR 1844 1867 /tools/cadence/UXE171_p98/tools.lnx86/etc/ixcom/xcva_prims_ice.v 0 0 0
ixc_asgn_cov_rst_pulse ixc_asgn_cov_rst_pulse 1833 1844 /tools/cadence/UXE171_p98/tools.lnx86/etc/ixcom/xcva_prims_ice.v 0 0 0
ixc_05xbuf ixc_05xbuf 1824 1833 /tools/cadence/UXE171_p98/tools.lnx86/etc/ixcom/xcva_prims_ice.v 0 0 0
Q_UCCLK Q_UCCLK 128 132 /home/tang_dx/Work/UXE-Use-Experience/counter/xc_work/xc_vawork/xc_vawork/.libvlog/qtref.v 0 0 0
Q_FCLK1P Q_FCLK1P 1797 1802 /home/tang_dx/Work/UXE-Use-Experience/counter/xc_work/xc_vawork/xc_vawork/.libvlog/qtref.v 0 0 0
ixc_2xbuf ixc_2xbuf 1813 1824 /tools/cadence/UXE171_p98/tools.lnx86/etc/ixcom/xcva_prims_ice.v 0 0 0
ixc_1xbuf2n ixc_1xbuf2n 1801 1813 /tools/cadence/UXE171_p98/tools.lnx86/etc/ixcom/xcva_prims_ice.v 0 0 0
Q_MPCLK2N Q_MPCLK2N 1031 1035 /home/tang_dx/Work/UXE-Use-Experience/counter/xc_work/xc_vawork/xc_vawork/.libvlog/qtref.v 0 0 0
ixc_1xbuf2p ixc_1xbuf2p 1788 1801 /tools/cadence/UXE171_p98/tools.lnx86/etc/ixcom/xcva_prims_ice.v 0 0 0
Q_MPCLK2P Q_MPCLK2P 1050 1054 /home/tang_dx/Work/UXE-Use-Experience/counter/xc_work/xc_vawork/xc_vawork/.libvlog/qtref.v 0 0 0
ixc_1xbuf1n ixc_1xbuf1n 1776 1788 /tools/cadence/UXE171_p98/tools.lnx86/etc/ixcom/xcva_prims_ice.v 0 0 0
Q_MPCLK1N Q_MPCLK1N 958 962 /home/tang_dx/Work/UXE-Use-Experience/counter/xc_work/xc_vawork/xc_vawork/.libvlog/qtref.v 0 0 0
ixc_1xbuf1p ixc_1xbuf1p 1764 1776 /tools/cadence/UXE171_p98/tools.lnx86/etc/ixcom/xcva_prims_ice.v 0 0 0
Q_MPCLK1P Q_MPCLK1P 966 970 /home/tang_dx/Work/UXE-Use-Experience/counter/xc_work/xc_vawork/xc_vawork/.libvlog/qtref.v 0 0 0
ixc_cakebind ixc_cakebind 1752 1764 /tools/cadence/UXE171_p98/tools.lnx86/etc/ixcom/xcva_prims_ice.v 0 0 0
Q_CLKSRC Q_CLKSRC 2036 2040 /home/tang_dx/Work/UXE-Use-Experience/counter/xc_work/xc_vawork/xc_vawork/.libvlog/qtref.v 0 0 0
ixc_clkbind ixc_clkbind 1741 1752 /tools/cadence/UXE171_p98/tools.lnx86/etc/ixcom/xcva_prims_ice.v 0 0 0
Q_CLKDRV Q_CLKDRV 2240 2244 /home/tang_dx/Work/UXE-Use-Experience/counter/xc_work/xc_vawork/xc_vawork/.libvlog/qtref.v 0 0 0
ixc_bind ixc_bind 1734 1741 /tools/cadence/UXE171_p98/tools.lnx86/etc/ixcom/xcva_prims_ice.v 0 0 0
ixc_mem_call_direct ixc_mem_call_direct 1603 1734 /tools/cadence/UXE171_p98/tools.lnx86/etc/ixcom/xcva_prims_ice.v 0 0 0
ixc_mem_call ixc_mem_call 1344 1603 /tools/cadence/UXE171_p98/tools.lnx86/etc/ixcom/xcva_prims_ice.v 0 0 0
ixc_pio_call ixc_pio_call 1281 1344 /tools/cadence/UXE171_p98/tools.lnx86/etc/ixcom/xcva_prims_ice.v 0 0 0
ixc_osf_evcap ixc_osf_evcap 1230 1254 /tools/cadence/UXE171_p98/tools.lnx86/etc/ixcom/xcva_prims_ice.v 0 0 0
ixc_osf1_evcap ixc_osf1_evcap 1254 1281 /tools/cadence/UXE171_p98/tools.lnx86/etc/ixcom/xcva_prims_ice.v 0 0 0
ixc_ibf_mc_port ixc_ibf_mc_port 1077 1230 /tools/cadence/UXE171_p98/tools.lnx86/etc/ixcom/xcva_prims_ice.v 0 0 0
ixc_ibf_port ixc_ibf_port 918 1077 /tools/cadence/UXE171_p98/tools.lnx86/etc/ixcom/xcva_prims_ice.v 0 0 0
ixc_obf_mc_port ixc_obf_mc_port 756 918 /tools/cadence/UXE171_p98/tools.lnx86/etc/ixcom/xcva_prims_ice.v 0 0 0
ixc_obf_root_port ixc_obf_root_port 673 756 /tools/cadence/UXE171_p98/tools.lnx86/etc/ixcom/xcva_prims_ice.v 0 0 0
ixc_obf_leaf_port ixc_obf_leaf_port 490 673 /tools/cadence/UXE171_p98/tools.lnx86/etc/ixcom/xcva_prims_ice.v 0 0 0
ixc_obf_port ixc_obf_port 279 490 /tools/cadence/UXE171_p98/tools.lnx86/etc/ixcom/xcva_prims_ice.v 0 0 0
Q_CCLKCHK Q_CCLKCHK 1668 1672 /home/tang_dx/Work/UXE-Use-Experience/counter/xc_work/xc_vawork/xc_vawork/.libvlog/qtref.v 0 0 0
ixc_obf_cico_w_anyreq ixc_obf_cico_w_anyreq 239 279 /tools/cadence/UXE171_p98/tools.lnx86/etc/ixcom/xcva_prims_ice.v 0 0 0
ixc_obf_cico ixc_obf_cico 198 239 /tools/cadence/UXE171_p98/tools.lnx86/etc/ixcom/xcva_prims_ice.v 0 0 0
ixc_obf_pg ixc_obf_pg 151 198 /tools/cadence/UXE171_p98/tools.lnx86/etc/ixcom/xcva_prims_ice.v 0 0 0
Q_OR04 Q_OR04 2337 2342 /home/tang_dx/Work/UXE-Use-Experience/counter/xc_work/xc_vawork/xc_vawork/.libvlog/qtref.v 0 0 0
Q_OR03 Q_OR03 2322 2327 /home/tang_dx/Work/UXE-Use-Experience/counter/xc_work/xc_vawork/xc_vawork/.libvlog/qtref.v 0 0 0
Q_OR02 Q_OR02 2302 2307 /home/tang_dx/Work/UXE-Use-Experience/counter/xc_work/xc_vawork/xc_vawork/.libvlog/qtref.v 0 0 0
Q_BUF Q_BUF 632 637 /home/tang_dx/Work/UXE-Use-Experience/counter/xc_work/xc_vawork/xc_vawork/.libvlog/qtref.v 0 0 0
ixc_frequency ixc_frequency 141 151 /tools/cadence/UXE171_p98/tools.lnx86/etc/ixcom/xcva_prims_ice.v 0 0 0
ixc_capU ixc_capU 26 141 /tools/cadence/UXE171_p98/tools.lnx86/etc/ixcom/xcva_prims_ice.v 0 0 0
ixc_tcov_1 ixc_tcov_1 952 987 /tools/cadence/UXE171_p98/tools.lnx86/etc/ixcom/xcva_prims_pdsa.v 0 0 0
ixc_event_driver ixc_event_driver 928 952 /tools/cadence/UXE171_p98/tools.lnx86/etc/ixcom/xcva_prims_pdsa.v 0 0 0
ixc_pulse_en ixc_pulse_en 903 928 /tools/cadence/UXE171_p98/tools.lnx86/etc/ixcom/xcva_prims_pdsa.v 0 0 0
ixc_ref ixc_ref 856 862 /tools/cadence/UXE171_p98/tools.lnx86/etc/ixcom/xcva_prims_pdsa.v 0 0 0
ixc_1xbufsrc ixc_1xbufsrc 848 856 /tools/cadence/UXE171_p98/tools.lnx86/etc/ixcom/xcva_prims_pdsa.v 0 0 0
ixc_delay ixc_delay 833 848 /tools/cadence/UXE171_p98/tools.lnx86/etc/ixcom/xcva_prims_pdsa.v 0 0 0
axis_tffn axis_tffn 796 813 /tools/cadence/UXE171_p98/tools.lnx86/etc/ixcom/xcva_prims_pdsa.v 0 0 0
axis_tffp axis_tffp 776 796 /tools/cadence/UXE171_p98/tools.lnx86/etc/ixcom/xcva_prims_pdsa.v 0 0 0
axis_jkffn axis_jkffn 752 776 /tools/cadence/UXE171_p98/tools.lnx86/etc/ixcom/xcva_prims_pdsa.v 0 0 0
axis_jkffp axis_jkffp 728 752 /tools/cadence/UXE171_p98/tools.lnx86/etc/ixcom/xcva_prims_pdsa.v 0 0 0
axis_dffn axis_dffn 708 728 /tools/cadence/UXE171_p98/tools.lnx86/etc/ixcom/xcva_prims_pdsa.v 0 0 0
axis_dffp axis_dffp 688 708 /tools/cadence/UXE171_p98/tools.lnx86/etc/ixcom/xcva_prims_pdsa.v 0 0 0
axis_latch axis_latch 668 688 /tools/cadence/UXE171_p98/tools.lnx86/etc/ixcom/xcva_prims_pdsa.v 0 0 0
axis_busreg axis_busreg 657 668 /tools/cadence/UXE171_p98/tools.lnx86/etc/ixcom/xcva_prims_pdsa.v 0 0 0
axis_delay axis_delay 648 657 /tools/cadence/UXE171_p98/tools.lnx86/etc/ixcom/xcva_prims_pdsa.v 0 0 0
axis_mux2 axis_mux2 640 648 /tools/cadence/UXE171_p98/tools.lnx86/etc/ixcom/xcva_prims_pdsa.v 0 0 0
ixc_wforce ixc_wforce 560 597 /tools/cadence/UXE171_p98/tools.lnx86/etc/ixcom/xcva_prims_pdsa.v 0 0 0
Q_RELEASE_WEAK Q_RELEASE_WEAK 2105 2109 /home/tang_dx/Work/UXE-Use-Experience/counter/xc_work/xc_vawork/xc_vawork/.libvlog/qtref.v 0 0 0
Q_WIREFORCE Q_WIREFORCE 425 429 /home/tang_dx/Work/UXE-Use-Experience/counter/xc_work/xc_vawork/xc_vawork/.libvlog/qtref.v 0 0 0
ixc_mtoggle ixc_mtoggle 491 522 /tools/cadence/UXE171_p98/tools.lnx86/etc/ixcom/xcva_prims_pdsa.v 0 0 0
ixc_mpulse ixc_mpulse 465 491 /tools/cadence/UXE171_p98/tools.lnx86/etc/ixcom/xcva_prims_pdsa.v 0 0 0
Q_LPULSE Q_LPULSE 953 958 /home/tang_dx/Work/UXE-Use-Experience/counter/xc_work/xc_vawork/xc_vawork/.libvlog/qtref.v 0 0 0
ixc_sample ixc_sample 418 465 /tools/cadence/UXE171_p98/tools.lnx86/etc/ixcom/xcva_prims_pdsa.v 0 0 0
ixc_edge ixc_edge 376 418 /tools/cadence/UXE171_p98/tools.lnx86/etc/ixcom/xcva_prims_pdsa.v 0 0 0
Q_NEDECT Q_NEDECT 1733 1738 /home/tang_dx/Work/UXE-Use-Experience/counter/xc_work/xc_vawork/xc_vawork/.libvlog/qtref.v 0 0 0
ixc_ev ixc_ev 343 376 /tools/cadence/UXE171_p98/tools.lnx86/etc/ixcom/xcva_prims_pdsa.v 0 0 0
ixc_expEv ixc_expEv 314 343 /tools/cadence/UXE171_p98/tools.lnx86/etc/ixcom/xcva_prims_pdsa.v 0 0 0
axis_tbcall axis_tbcall 269 314 /tools/cadence/UXE171_p98/tools.lnx86/etc/ixcom/xcva_prims_pdsa.v 0 0 0
Q_NOT_TOUCH Q_NOT_TOUCH 1443 1447 /home/tang_dx/Work/UXE-Use-Experience/counter/xc_work/xc_vawork/xc_vawork/.libvlog/qtref.v 0 0 0
Q_LDP0 Q_LDP0 1932 1937 /home/tang_dx/Work/UXE-Use-Experience/counter/xc_work/xc_vawork/xc_vawork/.libvlog/qtref.v 0 0 0
Q_PEDECT Q_PEDECT 156 161 /home/tang_dx/Work/UXE-Use-Experience/counter/xc_work/xc_vawork/xc_vawork/.libvlog/qtref.v 0 0 0
Q_EVDECT Q_EVDECT 1220 1225 /home/tang_dx/Work/UXE-Use-Experience/counter/xc_work/xc_vawork/xc_vawork/.libvlog/qtref.v 0 0 0
axis_eclk axis_eclk 257 269 /tools/cadence/UXE171_p98/tools.lnx86/etc/ixcom/xcva_prims_pdsa.v 0 0 0
